2025-10-13 17:37:46,557 INFO o.a.j.u.JMeterUtils: Setting Locale to en_EN
2025-10-13 17:37:46,575 INFO o.a.j.JMeter: Loading user properties from: /opt/apache-jmeter-5.5/bin/user.properties
2025-10-13 17:37:46,577 INFO o.a.j.JMeter: Loading system properties from: /opt/apache-jmeter-5.5/bin/system.properties
2025-10-13 17:37:46,583 INFO o.a.j.JMeter: Copyright (c) 1998-2022 The Apache Software Foundation
2025-10-13 17:37:46,583 INFO o.a.j.JMeter: Version 5.5
2025-10-13 17:37:46,584 INFO o.a.j.JMeter: java.version=1.8.0_275
2025-10-13 17:37:46,584 INFO o.a.j.JMeter: java.vm.name=OpenJDK 64-Bit Server VM
2025-10-13 17:37:46,585 INFO o.a.j.JMeter: os.name=Linux
2025-10-13 17:37:46,585 INFO o.a.j.JMeter: os.arch=amd64
2025-10-13 17:37:46,585 INFO o.a.j.JMeter: os.version=5.15.49-linuxkit
2025-10-13 17:37:46,585 INFO o.a.j.JMeter: file.encoding=UTF-8
2025-10-13 17:37:46,586 INFO o.a.j.JMeter: java.awt.headless=true
2025-10-13 17:37:46,586 INFO o.a.j.JMeter: Max memory     =1073741824
2025-10-13 17:37:46,587 INFO o.a.j.JMeter: Available Processors =6
2025-10-13 17:37:46,593 INFO o.a.j.JMeter: Default Locale=English (EN)
2025-10-13 17:37:46,594 INFO o.a.j.JMeter: JMeter  Locale=English (EN)
2025-10-13 17:37:46,595 INFO o.a.j.JMeter: JMeterHome=/opt/apache-jmeter-5.5
2025-10-13 17:37:46,595 INFO o.a.j.JMeter: user.dir  =/tests
2025-10-13 17:37:46,596 INFO o.a.j.JMeter: PWD       =/tests
2025-10-13 17:37:46,596 INFO o.a.j.JMeter: IP: 172.17.0.2 Name: 22e5d2c3cee2 FullName: 22e5d2c3cee2
2025-10-13 17:37:46,616 INFO o.a.j.JMeter: Setting property 'jmeter.reportgenerator.outputdir' to:'/tests/report'
2025-10-13 17:37:46,620 INFO o.a.j.s.FileServer: Default base='/tests'
2025-10-13 17:37:46,621 INFO o.a.j.s.FileServer: Set new base='/tests'
2025-10-13 17:37:46,772 INFO o.a.j.s.SaveService: Testplan (JMX) version: 2.2. Testlog (JTL) version: 2.2
2025-10-13 17:37:46,790 INFO o.a.j.s.SaveService: Using SaveService properties file encoding UTF-8
2025-10-13 17:37:46,795 INFO o.a.j.s.SaveService: Using SaveService properties version 5.0
2025-10-13 17:37:46,800 INFO o.a.j.s.SaveService: Loading file: basic_test.jmx
2025-10-13 17:37:46,829 INFO o.a.j.p.h.c.CookieManager: Settings: Delete null: true Check: true Allow variable: true Save: false Prefix: COOKIE_
2025-10-13 17:37:46,832 INFO o.a.j.p.h.c.CacheManager: Will only cache the following methods: [GET]
2025-10-13 17:37:46,847 INFO o.a.j.p.h.s.HTTPSamplerBase: Parser for text/html is org.apache.jmeter.protocol.http.parser.LagartoBasedHtmlParser
2025-10-13 17:37:46,847 INFO o.a.j.p.h.s.HTTPSamplerBase: Parser for application/xhtml+xml is org.apache.jmeter.protocol.http.parser.LagartoBasedHtmlParser
2025-10-13 17:37:46,848 INFO o.a.j.p.h.s.HTTPSamplerBase: Parser for application/xml is org.apache.jmeter.protocol.http.parser.LagartoBasedHtmlParser
2025-10-13 17:37:46,848 INFO o.a.j.p.h.s.HTTPSamplerBase: Parser for text/xml is org.apache.jmeter.protocol.http.parser.LagartoBasedHtmlParser
2025-10-13 17:37:46,848 INFO o.a.j.p.h.s.HTTPSamplerBase: Parser for text/vnd.wap.wml is org.apache.jmeter.protocol.http.parser.RegexpHTMLParser
2025-10-13 17:37:46,849 INFO o.a.j.p.h.s.HTTPSamplerBase: Parser for text/css is org.apache.jmeter.protocol.http.parser.CssParser
2025-10-13 17:37:47,072 INFO o.a.j.s.SampleResult: Note: Sample TimeStamps are START times
2025-10-13 17:37:47,072 INFO o.a.j.s.SampleResult: sampleresult.default.encoding is set to ISO-8859-1
2025-10-13 17:37:47,073 INFO o.a.j.s.SampleResult: sampleresult.useNanoTime=true
2025-10-13 17:37:47,073 INFO o.a.j.s.SampleResult: sampleresult.nanoThreadSleep=5000
2025-10-13 17:37:47,082 INFO o.a.j.JMeter: Creating summariser <summary>
2025-10-13 17:37:47,088 INFO o.a.j.r.d.ReportGenerator: ReportGenerator will use for Parsing the separator: ','
2025-10-13 17:37:47,089 INFO o.a.j.r.d.ReportGenerator: Will generate report at end of test from  results file: results.jtl
2025-10-13 17:37:47,089 INFO o.a.j.r.d.ReportGenerator: Reading report generator properties from: /opt/apache-jmeter-5.5/bin/reportgenerator.properties
2025-10-13 17:37:47,090 INFO o.a.j.r.d.ReportGenerator: Merging with JMeter properties
2025-10-13 17:37:47,094 INFO o.a.j.r.c.ReportGeneratorConfiguration: Property 'jmeter.reportgenerator.temp_dir' not found, using default value 'temp' instead.
2025-10-13 17:37:47,097 INFO o.a.j.r.c.ReportGeneratorConfiguration: Property 'jmeter.reportgenerator.apdex_per_transaction' not found, using default value 'null' instead.
2025-10-13 17:37:47,097 INFO o.a.j.r.c.ReportGeneratorConfiguration: apdex_per_transaction is empty, not APDEX per transaction customization
2025-10-13 17:37:47,098 INFO o.a.j.r.c.ReportGeneratorConfiguration: Property 'jmeter.reportgenerator.sample_filter' not found, using default value 'null' instead.
2025-10-13 17:37:47,098 INFO o.a.j.r.c.ReportGeneratorConfiguration: Property 'jmeter.reportgenerator.report_title' not found, using default value 'null' instead.
2025-10-13 17:37:47,098 INFO o.a.j.r.c.ReportGeneratorConfiguration: Property 'jmeter.reportgenerator.start_date' not found, using default value 'null' instead.
2025-10-13 17:37:47,099 INFO o.a.j.r.c.ReportGeneratorConfiguration: Property 'jmeter.reportgenerator.end_date' not found, using default value 'null' instead.
2025-10-13 17:37:47,099 INFO o.a.j.r.c.ReportGeneratorConfiguration: Property 'jmeter.reportgenerator.date_format' not found, using default value 'null' instead.
2025-10-13 17:37:47,100 INFO o.a.j.r.c.ReportGeneratorConfiguration: Will use date range start date: null, end date: null
2025-10-13 17:37:47,104 INFO o.a.j.r.c.ReportGeneratorConfiguration: Property 'jmeter.reportgenerator.graph.totalTPS.exclude_controllers' not found, using default value 'false' instead.
2025-10-13 17:37:47,105 INFO o.a.j.r.c.ReportGeneratorConfiguration: Property 'jmeter.reportgenerator.graph.activeThreadsOverTime.exclude_controllers' not found, using default value 'false' instead.
2025-10-13 17:37:47,106 INFO o.a.j.r.c.ReportGeneratorConfiguration: Property 'jmeter.reportgenerator.graph.timeVsThreads.exclude_controllers' not found, using default value 'false' instead.
2025-10-13 17:37:47,107 INFO o.a.j.r.c.ReportGeneratorConfiguration: Property 'jmeter.reportgenerator.graph.responseTimeDistribution.exclude_controllers' not found, using default value 'false' instead.
2025-10-13 17:37:47,107 INFO o.a.j.r.c.ReportGeneratorConfiguration: Property 'jmeter.reportgenerator.graph.transactionsPerSecond.exclude_controllers' not found, using default value 'false' instead.
2025-10-13 17:37:47,107 INFO o.a.j.r.c.ReportGeneratorConfiguration: Property 'jmeter.reportgenerator.graph.responseTimePercentiles.exclude_controllers' not found, using default value 'false' instead.
2025-10-13 17:37:47,108 INFO o.a.j.r.c.ReportGeneratorConfiguration: Property 'jmeter.reportgenerator.graph.responseTimePercentilesOverTime.exclude_controllers' not found, using default value 'false' instead.
2025-10-13 17:37:47,108 INFO o.a.j.r.c.ReportGeneratorConfiguration: Property 'jmeter.reportgenerator.graph.responseTimesOverTime.exclude_controllers' not found, using default value 'false' instead.
2025-10-13 17:37:47,109 INFO o.a.j.r.c.ReportGeneratorConfiguration: Property 'jmeter.reportgenerator.graph.connectTimeOverTime.exclude_controllers' not found, using default value 'false' instead.
2025-10-13 17:37:47,109 INFO o.a.j.r.c.ReportGeneratorConfiguration: Property 'jmeter.reportgenerator.graph.latenciesOverTime.exclude_controllers' not found, using default value 'false' instead.
2025-10-13 17:37:47,110 INFO o.a.j.r.c.ReportGeneratorConfiguration: Property 'jmeter.reportgenerator.exporter.json.filters_only_sample_series' not found, using default value 'true' instead.
2025-10-13 17:37:47,111 INFO o.a.j.r.c.ReportGeneratorConfiguration: Property 'jmeter.reportgenerator.exporter.json.series_filter' not found, using default value '' instead.
2025-10-13 17:37:47,111 INFO o.a.j.r.c.ReportGeneratorConfiguration: Property 'jmeter.reportgenerator.exporter.json.show_controllers_only' not found, using default value 'false' instead.
2025-10-13 17:37:47,112 INFO o.a.j.r.c.ReportGeneratorConfiguration: Property 'jmeter.reportgenerator.exporter.html.filters_only_sample_series' not found, using default value 'true' instead.
2025-10-13 17:37:47,112 INFO o.a.j.r.c.ReportGeneratorConfiguration: Property 'jmeter.reportgenerator.exporter.html.series_filter' not found, using default value '' instead.
2025-10-13 17:37:47,113 INFO o.a.j.r.c.ReportGeneratorConfiguration: Property 'jmeter.reportgenerator.exporter.html.show_controllers_only' not found, using default value 'false' instead.
2025-10-13 17:37:47,119 INFO o.a.j.e.StandardJMeterEngine: Running the test!
2025-10-13 17:37:47,121 INFO o.a.j.s.SampleEvent: List of sample_variables: []
2025-10-13 17:37:47,121 INFO o.a.j.s.SampleEvent: List of sample_variables: []
2025-10-13 17:37:47,128 INFO o.a.j.e.u.CompoundVariable: Note: Function class names must contain the string: '.functions.'
2025-10-13 17:37:47,129 INFO o.a.j.e.u.CompoundVariable: Note: Function class names must not contain the string: '.gui.'
2025-10-13 17:37:47,371 INFO o.a.j.JMeter: Running test (1760369867371)
2025-10-13 17:37:47,447 INFO o.a.j.e.StandardJMeterEngine: Starting ThreadGroup: 1 : Normal User Load
2025-10-13 17:37:47,448 INFO o.a.j.e.StandardJMeterEngine: Starting 50 threads for group Normal User Load.
2025-10-13 17:37:47,448 INFO o.a.j.e.StandardJMeterEngine: Thread will continue on error
2025-10-13 17:37:47,449 INFO o.a.j.t.ThreadGroup: Starting thread group... number=1 threads=50 ramp-up=30 delayedStart=false
2025-10-13 17:37:47,457 INFO o.a.j.t.JMeterThread: Thread started: Normal User Load 1-1
2025-10-13 17:37:47,488 INFO o.a.j.t.ThreadGroup: Started thread group number 1
2025-10-13 17:37:47,489 INFO o.a.j.e.StandardJMeterEngine: All thread groups have been started
2025-10-13 17:37:48,052 INFO o.a.j.t.JMeterThread: Thread started: Normal User Load 1-2
2025-10-13 17:37:48,651 INFO o.a.j.t.JMeterThread: Thread started: Normal User Load 1-3
2025-10-13 17:37:49,250 INFO o.a.j.t.JMeterThread: Thread started: Normal User Load 1-4
2025-10-13 17:37:49,852 INFO o.a.j.t.JMeterThread: Thread started: Normal User Load 1-5
2025-10-13 17:37:50,454 INFO o.a.j.t.JMeterThread: Thread started: Normal User Load 1-6
2025-10-13 17:37:51,054 INFO o.a.j.t.JMeterThread: Thread started: Normal User Load 1-7
2025-10-13 17:37:51,652 INFO o.a.j.t.JMeterThread: Thread started: Normal User Load 1-8
2025-10-13 17:37:52,251 INFO o.a.j.t.JMeterThread: Thread started: Normal User Load 1-9
2025-10-13 17:37:52,864 INFO o.a.j.t.JMeterThread: Thread started: Normal User Load 1-10
2025-10-13 17:37:53,453 INFO o.a.j.t.JMeterThread: Thread started: Normal User Load 1-11
2025-10-13 17:37:54,050 INFO o.a.j.t.JMeterThread: Thread started: Normal User Load 1-12
2025-10-13 17:37:54,651 INFO o.a.j.t.JMeterThread: Thread started: Normal User Load 1-13
2025-10-13 17:37:55,250 INFO o.a.j.t.JMeterThread: Thread started: Normal User Load 1-14
2025-10-13 17:37:55,527 INFO o.a.j.p.h.s.HTTPHCAbstractImpl: Local host = 22e5d2c3cee2
2025-10-13 17:37:55,531 INFO o.a.j.p.h.s.HTTPHC4Impl: HTTP request retry count = 0
2025-10-13 17:37:55,850 INFO o.a.j.t.JMeterThread: Thread started: Normal User Load 1-15
2025-10-13 17:37:56,451 INFO o.a.j.t.JMeterThread: Thread started: Normal User Load 1-16
2025-10-13 17:37:57,051 INFO o.a.j.t.JMeterThread: Thread started: Normal User Load 1-17
2025-10-13 17:37:57,656 INFO o.a.j.t.JMeterThread: Thread started: Normal User Load 1-18
2025-10-13 17:37:58,251 INFO o.a.j.t.JMeterThread: Thread started: Normal User Load 1-19
2025-10-13 17:37:58,851 INFO o.a.j.t.JMeterThread: Thread started: Normal User Load 1-20
2025-10-13 17:37:59,451 INFO o.a.j.t.JMeterThread: Thread started: Normal User Load 1-21
2025-10-13 17:38:00,051 INFO o.a.j.t.JMeterThread: Thread started: Normal User Load 1-22
2025-10-13 17:38:00,068 INFO o.a.j.r.Summariser: summary +      8 in 00:00:13 =    0.6/s Avg:   459 Min:   423 Max:   646 Err:     0 (0.00%) Active: 22 Started: 22 Finished: 0
2025-10-13 17:38:00,651 INFO o.a.j.t.JMeterThread: Thread started: Normal User Load 1-23
2025-10-13 17:38:01,251 INFO o.a.j.t.JMeterThread: Thread started: Normal User Load 1-24
2025-10-13 17:38:01,849 INFO o.a.j.t.JMeterThread: Thread started: Normal User Load 1-25
2025-10-13 17:38:02,454 INFO o.a.j.t.JMeterThread: Thread started: Normal User Load 1-26
2025-10-13 17:38:03,053 INFO o.a.j.t.JMeterThread: Thread started: Normal User Load 1-27
2025-10-13 17:38:03,649 INFO o.a.j.t.JMeterThread: Thread started: Normal User Load 1-28
2025-10-13 17:38:04,251 INFO o.a.j.t.JMeterThread: Thread started: Normal User Load 1-29
2025-10-13 17:38:04,851 INFO o.a.j.t.JMeterThread: Thread started: Normal User Load 1-30
2025-10-13 17:38:05,451 INFO o.a.j.t.JMeterThread: Thread started: Normal User Load 1-31
2025-10-13 17:38:06,052 INFO o.a.j.t.JMeterThread: Thread started: Normal User Load 1-32
2025-10-13 17:38:06,650 INFO o.a.j.t.JMeterThread: Thread started: Normal User Load 1-33
2025-10-13 17:38:07,250 INFO o.a.j.t.JMeterThread: Thread started: Normal User Load 1-34
2025-10-13 17:38:07,851 INFO o.a.j.t.JMeterThread: Thread started: Normal User Load 1-35
2025-10-13 17:38:08,452 INFO o.a.j.t.JMeterThread: Thread started: Normal User Load 1-36
2025-10-13 17:38:09,050 INFO o.a.j.t.JMeterThread: Thread started: Normal User Load 1-37
2025-10-13 17:38:09,653 INFO o.a.j.t.JMeterThread: Thread started: Normal User Load 1-38
2025-10-13 17:38:10,250 INFO o.a.j.t.JMeterThread: Thread started: Normal User Load 1-39
2025-10-13 17:38:10,850 INFO o.a.j.t.JMeterThread: Thread started: Normal User Load 1-40
2025-10-13 17:38:11,450 INFO o.a.j.t.JMeterThread: Thread started: Normal User Load 1-41
2025-10-13 17:38:12,052 INFO o.a.j.t.JMeterThread: Thread started: Normal User Load 1-42
2025-10-13 17:38:12,661 INFO o.a.j.t.JMeterThread: Thread started: Normal User Load 1-43
2025-10-13 17:38:13,261 INFO o.a.j.t.JMeterThread: Thread started: Normal User Load 1-44
2025-10-13 17:38:13,864 INFO o.a.j.t.JMeterThread: Thread started: Normal User Load 1-45
2025-10-13 17:38:14,455 INFO o.a.j.t.JMeterThread: Thread started: Normal User Load 1-46
2025-10-13 17:38:15,050 INFO o.a.j.t.JMeterThread: Thread started: Normal User Load 1-47
2025-10-13 17:38:15,650 INFO o.a.j.t.JMeterThread: Thread started: Normal User Load 1-48
2025-10-13 17:38:16,252 INFO o.a.j.t.JMeterThread: Thread started: Normal User Load 1-49
2025-10-13 17:38:16,851 INFO o.a.j.t.JMeterThread: Thread started: Normal User Load 1-50
2025-10-13 17:38:30,449 INFO o.a.j.r.Summariser: summary +    127 in 00:00:30 =    4.2/s Avg:   288 Min:   205 Max:   482 Err:    44 (34.65%) Active: 50 Started: 50 Finished: 0
2025-10-13 17:38:30,450 INFO o.a.j.r.Summariser: summary =    135 in 00:00:43 =    3.1/s Avg:   298 Min:   205 Max:   646 Err:    44 (32.59%)
2025-10-13 17:39:00,252 INFO o.a.j.r.Summariser: summary +     86 in 00:00:30 =    2.9/s Avg:   224 Min:   205 Max:   280 Err:     6 (6.98%) Active: 50 Started: 50 Finished: 0
2025-10-13 17:39:00,254 INFO o.a.j.r.Summariser: summary =    221 in 00:01:13 =    3.0/s Avg:   269 Min:   205 Max:   646 Err:    50 (22.62%)
2025-10-13 17:39:30,260 INFO o.a.j.r.Summariser: summary +     56 in 00:00:30 =    1.9/s Avg:   583 Min:     0 Max:  5009 Err:    24 (42.86%) Active: 50 Started: 50 Finished: 0
2025-10-13 17:39:30,261 INFO o.a.j.r.Summariser: summary =    277 in 00:01:43 =    2.7/s Avg:   333 Min:     0 Max:  5009 Err:    74 (26.71%)
2025-10-13 17:39:38,964 INFO o.a.j.t.JMeterThread: Thread finished: Normal User Load 1-10
2025-10-13 17:39:38,965 INFO o.a.j.t.JMeterThread: Thread finished: Normal User Load 1-16
2025-10-13 17:39:39,287 INFO o.a.j.t.JMeterThread: Thread finished: Normal User Load 1-32
2025-10-13 17:39:39,737 INFO o.a.j.t.JMeterThread: Thread finished: Normal User Load 1-18
2025-10-13 17:39:39,835 INFO o.a.j.t.JMeterThread: Thread finished: Normal User Load 1-22
2025-10-13 17:39:40,025 INFO o.a.j.t.JMeterThread: Thread finished: Normal User Load 1-28
2025-10-13 17:39:40,320 INFO o.a.j.t.JMeterThread: Thread finished: Normal User Load 1-13
2025-10-13 17:39:40,528 INFO o.a.j.t.JMeterThread: Thread finished: Normal User Load 1-45
2025-10-13 17:39:40,684 INFO o.a.j.t.JMeterThread: Thread finished: Normal User Load 1-42
2025-10-13 17:39:40,685 INFO o.a.j.t.JMeterThread: Thread finished: Normal User Load 1-46
2025-10-13 17:39:40,991 INFO o.a.j.t.JMeterThread: Thread finished: Normal User Load 1-33
2025-10-13 17:39:41,006 INFO o.a.j.t.JMeterThread: Thread finished: Normal User Load 1-31
2025-10-13 17:39:41,083 INFO o.a.j.t.JMeterThread: Thread finished: Normal User Load 1-17
2025-10-13 17:39:41,261 INFO o.a.j.t.JMeterThread: Thread finished: Normal User Load 1-49
2025-10-13 17:39:41,312 INFO o.a.j.t.JMeterThread: Thread finished: Normal User Load 1-21
2025-10-13 17:39:41,689 INFO o.a.j.t.JMeterThread: Thread finished: Normal User Load 1-24
2025-10-13 17:39:41,714 INFO o.a.j.t.JMeterThread: Thread finished: Normal User Load 1-34
2025-10-13 17:39:41,958 INFO o.a.j.t.JMeterThread: Thread finished: Normal User Load 1-44
2025-10-13 17:39:42,018 INFO o.a.j.t.JMeterThread: Thread finished: Normal User Load 1-48
2025-10-13 17:39:42,094 INFO o.a.j.t.JMeterThread: Thread finished: Normal User Load 1-19
2025-10-13 17:39:43,191 INFO o.a.j.t.JMeterThread: Thread finished: Normal User Load 1-6
2025-10-13 17:39:43,351 INFO o.a.j.t.JMeterThread: Thread finished: Normal User Load 1-20
2025-10-13 17:39:43,392 INFO o.a.j.t.JMeterThread: Thread finished: Normal User Load 1-47
2025-10-13 17:39:43,738 INFO o.a.j.t.JMeterThread: Thread finished: Normal User Load 1-36
2025-10-13 17:39:43,973 INFO o.a.j.t.JMeterThread: Thread finished: Normal User Load 1-5
2025-10-13 17:39:43,987 INFO o.a.j.t.JMeterThread: Thread finished: Normal User Load 1-1
2025-10-13 17:39:44,230 INFO o.a.j.t.JMeterThread: Thread finished: Normal User Load 1-3
2025-10-13 17:39:44,508 INFO o.a.j.t.JMeterThread: Thread finished: Normal User Load 1-7
2025-10-13 17:39:44,586 INFO o.a.j.t.JMeterThread: Thread finished: Normal User Load 1-23
2025-10-13 17:39:44,801 INFO o.a.j.t.JMeterThread: Thread finished: Normal User Load 1-37
2025-10-13 17:39:44,906 INFO o.a.j.t.JMeterThread: Thread finished: Normal User Load 1-2
2025-10-13 17:39:45,026 INFO o.a.j.t.JMeterThread: Thread finished: Normal User Load 1-50
2025-10-13 17:39:45,149 INFO o.a.j.t.JMeterThread: Thread finished: Normal User Load 1-14
2025-10-13 17:39:45,342 INFO o.a.j.t.JMeterThread: Thread finished: Normal User Load 1-11
2025-10-13 17:39:45,360 INFO o.a.j.t.JMeterThread: Thread finished: Normal User Load 1-4
2025-10-13 17:39:45,376 INFO o.a.j.t.JMeterThread: Thread finished: Normal User Load 1-40
2025-10-13 17:39:45,555 INFO o.a.j.t.JMeterThread: Thread finished: Normal User Load 1-35
2025-10-13 17:39:46,173 INFO o.a.j.t.JMeterThread: Thread finished: Normal User Load 1-43
2025-10-13 17:39:46,174 INFO o.a.j.t.JMeterThread: Thread finished: Normal User Load 1-25
2025-10-13 17:39:46,228 INFO o.a.j.t.JMeterThread: Thread finished: Normal User Load 1-9
2025-10-13 17:39:46,331 INFO o.a.j.t.JMeterThread: Thread finished: Normal User Load 1-27
2025-10-13 17:39:46,348 INFO o.a.j.t.JMeterThread: Thread finished: Normal User Load 1-41
2025-10-13 17:39:46,481 INFO o.a.j.t.JMeterThread: Thread finished: Normal User Load 1-29
2025-10-13 17:39:46,539 INFO o.a.j.t.JMeterThread: Thread finished: Normal User Load 1-8
2025-10-13 17:39:46,573 INFO o.a.j.t.JMeterThread: Thread finished: Normal User Load 1-30
2025-10-13 17:39:47,023 INFO o.a.j.t.JMeterThread: Thread finished: Normal User Load 1-12
2025-10-13 17:39:47,115 INFO o.a.j.t.JMeterThread: Thread finished: Normal User Load 1-15
2025-10-13 17:39:47,183 INFO o.a.j.t.JMeterThread: Thread finished: Normal User Load 1-39
2025-10-13 17:39:47,244 INFO o.a.j.t.JMeterThread: Thread finished: Normal User Load 1-38
2025-10-13 17:39:47,342 INFO o.a.j.t.JMeterThread: Thread finished: Normal User Load 1-26
2025-10-13 17:39:47,344 INFO o.a.j.e.StandardJMeterEngine: Notifying test listeners of end of test
2025-10-13 17:39:47,346 INFO o.a.j.r.Summariser: summary +     36 in 00:00:17 =    2.1/s Avg:   440 Min:   419 Max:   487 Err:     0 (0.00%) Active: 0 Started: 50 Finished: 50
2025-10-13 17:39:47,346 INFO o.a.j.r.Summariser: summary =    313 in 00:02:00 =    2.6/s Avg:   345 Min:     0 Max:  5009 Err:    74 (23.64%)
2025-10-13 17:39:47,350 INFO o.a.j.JMeter: Generating Dashboard
2025-10-13 17:39:47,351 INFO o.a.j.r.d.ReportGenerator: Flushing result collector before report Generation
2025-10-13 17:39:47,379 INFO o.a.j.r.p.NormalizerSampleConsumer: Using format, 'ms', to parse timeStamp field
2025-10-13 17:39:47,499 INFO o.a.j.r.p.AbstractSampleConsumer: class org.apache.jmeter.report.processor.AggregateConsumer#stopProducing(): beginDate produced 0 samples
2025-10-13 17:39:47,499 INFO o.a.j.r.p.AbstractSampleConsumer: class org.apache.jmeter.report.processor.AggregateConsumer#stopProducing(): endDate produced 0 samples
2025-10-13 17:39:47,502 INFO o.a.j.r.p.AbstractSampleConsumer: class org.apache.jmeter.report.processor.ApdexSummaryConsumer#stopProducing(): apdexSummary produced 0 samples
2025-10-13 17:39:47,502 INFO o.a.j.r.p.AbstractSampleConsumer: class org.apache.jmeter.report.processor.RequestsSummaryConsumer#stopProducing(): requestsSummary produced 0 samples
2025-10-13 17:39:47,507 INFO o.a.j.r.p.AbstractSampleConsumer: class org.apache.jmeter.report.processor.StatisticsSummaryConsumer#stopProducing(): statisticsSummary produced 0 samples
2025-10-13 17:39:47,513 INFO o.a.j.r.p.AbstractSampleConsumer: class org.apache.jmeter.report.processor.Top5ErrorsBySamplerConsumer#stopProducing(): top5ErrorsBySampler produced 0 samples
2025-10-13 17:39:47,514 INFO o.a.j.r.p.AbstractSampleConsumer: class org.apache.jmeter.report.processor.ErrorsSummaryConsumer#stopProducing(): errorsSummary produced 0 samples
2025-10-13 17:39:47,514 INFO o.a.j.r.p.AbstractSampleConsumer: class org.apache.jmeter.report.processor.graph.impl.HitsPerSecondGraphConsumer#stopProducing(): hitsPerSecond produced 0 samples
2025-10-13 17:39:47,532 INFO o.a.j.r.p.AbstractSampleConsumer: class org.apache.jmeter.report.processor.graph.impl.LatencyVSRequestGraphConsumer#stopProducing(): latencyVsRequest produced 0 samples
2025-10-13 17:39:47,533 INFO o.a.j.r.p.AbstractSampleConsumer: class org.apache.jmeter.report.processor.graph.impl.SyntheticResponseTimeDistributionGraphConsumer#stopProducing(): syntheticResponseTimeDistribution produced 0 samples
2025-10-13 17:39:47,533 INFO o.a.j.r.p.AbstractSampleConsumer: class org.apache.jmeter.report.processor.graph.impl.BytesThroughputGraphConsumer#stopProducing(): bytesThroughputOverTime produced 0 samples
2025-10-13 17:39:47,534 INFO o.a.j.r.p.AbstractSampleConsumer: class org.apache.jmeter.report.processor.graph.impl.CodesPerSecondGraphConsumer#stopProducing(): codesPerSecond produced 0 samples
2025-10-13 17:39:47,544 INFO o.a.j.r.p.AbstractSampleConsumer: class org.apache.jmeter.report.processor.graph.impl.ResponseTimeVSRequestGraphConsumer#stopProducing(): responseTimeVsRequest produced 0 samples
2025-10-13 17:39:47,544 INFO o.a.j.r.p.AbstractSampleConsumer: class org.apache.jmeter.report.processor.FilterConsumer#stopProducing(): startIntervalControlerFilter produced 2191 samples
2025-10-13 17:39:47,545 INFO o.a.j.r.p.AbstractSampleConsumer: class org.apache.jmeter.report.processor.graph.impl.TotalTPSGraphConsumer#stopProducing(): totalTPS produced 0 samples
2025-10-13 17:39:47,545 INFO o.a.j.r.p.AbstractSampleConsumer: class org.apache.jmeter.report.processor.graph.impl.ActiveThreadsGraphConsumer#stopProducing(): activeThreadsOverTime produced 0 samples
2025-10-13 17:39:47,546 INFO o.a.j.r.p.AbstractSampleConsumer: class org.apache.jmeter.report.processor.graph.impl.TimeVSThreadGraphConsumer#stopProducing(): timeVsThreads produced 0 samples
2025-10-13 17:39:47,546 INFO o.a.j.r.p.AbstractSampleConsumer: class org.apache.jmeter.report.processor.graph.impl.ResponseTimeDistributionGraphConsumer#stopProducing(): responseTimeDistribution produced 0 samples
2025-10-13 17:39:47,547 INFO o.a.j.r.p.AbstractSampleConsumer: class org.apache.jmeter.report.processor.graph.impl.TransactionsPerSecondGraphConsumer#stopProducing(): transactionsPerSecond produced 0 samples
2025-10-13 17:39:47,547 INFO o.a.j.r.p.AbstractSampleConsumer: class org.apache.jmeter.report.processor.graph.impl.ResponseTimePercentilesGraphConsumer#stopProducing(): responseTimePercentiles produced 0 samples
2025-10-13 17:39:47,550 INFO o.a.j.r.p.AbstractSampleConsumer: class org.apache.jmeter.report.processor.graph.impl.ResponseTimePercentilesOverTimeGraphConsumer#stopProducing(): responseTimePercentilesOverTime produced 0 samples
2025-10-13 17:39:47,550 INFO o.a.j.r.p.AbstractSampleConsumer: class org.apache.jmeter.report.processor.graph.impl.ResponseTimeOverTimeGraphConsumer#stopProducing(): responseTimesOverTime produced 0 samples
2025-10-13 17:39:47,551 INFO o.a.j.r.p.AbstractSampleConsumer: class org.apache.jmeter.report.processor.graph.impl.ConnectTimeOverTimeGraphConsumer#stopProducing(): connectTimeOverTime produced 0 samples
2025-10-13 17:39:47,551 INFO o.a.j.r.p.AbstractSampleConsumer: class org.apache.jmeter.report.processor.graph.impl.LatencyOverTimeGraphConsumer#stopProducing(): latenciesOverTime produced 0 samples
2025-10-13 17:39:47,552 INFO o.a.j.r.p.AbstractSampleConsumer: class org.apache.jmeter.report.processor.FilterConsumer#stopProducing(): nameFilter produced 4695 samples
2025-10-13 17:39:47,552 INFO o.a.j.r.p.AbstractSampleConsumer: class org.apache.jmeter.report.processor.FilterConsumer#stopProducing(): dateRangeFilter produced 939 samples
2025-10-13 17:39:47,552 INFO o.a.j.r.p.AbstractSampleConsumer: class org.apache.jmeter.report.processor.NormalizerSampleConsumer#stopProducing(): normalizer produced 313 samples
2025-10-13 17:39:47,553 INFO o.a.j.r.p.CsvFileSampleSource: produce(): 313 samples produced in 144ms on channel 0
2025-10-13 17:39:47,554 INFO o.a.j.r.d.ReportGenerator: Exporting data using exporter:'json' of className:'org.apache.jmeter.report.dashboard.JsonExporter'
2025-10-13 17:39:47,687 INFO o.a.j.r.d.JsonExporter: Found data for consumer statisticsSummary in context
2025-10-13 17:39:47,688 INFO o.a.j.r.d.JsonExporter: Creating statistics for overall
2025-10-13 17:39:47,688 INFO o.a.j.r.d.JsonExporter: Creating statistics for other transactions
2025-10-13 17:39:47,689 INFO o.a.j.r.d.JsonExporter: Checking output folder
2025-10-13 17:39:47,692 INFO o.a.j.r.d.JsonExporter: Writing statistics JSON to /tests/report/statistics.json
2025-10-13 17:39:47,732 INFO o.a.j.r.d.ReportGenerator: Exporting data using exporter:'html' of className:'org.apache.jmeter.report.dashboard.HtmlTemplateExporter'
2025-10-13 17:39:47,737 INFO o.a.j.r.d.HtmlTemplateExporter: Will generate dashboard in folder: /tests/report
2025-10-13 17:39:47,863 INFO o.a.j.r.d.HtmlTemplateExporter: Report will be generated in: /tests/report, creating folder structure
2025-10-13 17:39:47,869 INFO o.a.j.r.d.TemplateVisitor: Copying folder from '/opt/apache-jmeter-5.5/bin/report-template' to '/tests/report', got message: /tests/report, found non empty folder with following content [/tests/report/statistics.json], will be ignored
2025-10-13 17:39:48,486 INFO o.a.j.JMeter: Dashboard generated
